2026-07-21 16:21:33,498 ERROR UNHANDLED:
Traceback (most recent call last):
  File "C:\Users\Администратор.WIN-64LD5OSHM59.000\Desktop\Инвентаризация\.venv\Lib\site-packages\flask\app.py", line 917, in full_dispatch_request
    rv = self.dispatch_request()
         ^^^^^^^^^^^^^^^^^^^^^^^
  File "C:\Users\Администратор.WIN-64LD5OSHM59.000\Desktop\Инвентаризация\.venv\Lib\site-packages\flask\app.py", line 891, in dispatch_request
    self.raise_routing_exception(req)
  File "C:\Users\Администратор.WIN-64LD5OSHM59.000\Desktop\Инвентаризация\.venv\Lib\site-packages\flask\app.py", line 500, in raise_routing_exception
    raise request.routing_exception  # type: ignore[misc]
    ^^^^^^^^^^^^^^^^^^^^^^^^^^^^^^^
  File "C:\Users\Администратор.WIN-64LD5OSHM59.000\Desktop\Инвентаризация\.venv\Lib\site-packages\flask\ctx.py", line 362, in match_request
    result = self.url_adapter.match(return_rule=True)  # type: ignore
             ^^^^^^^^^^^^^^^^^^^^^^^^^^^^^^^^^^^^^^^^
  File "C:\Users\Администратор.WIN-64LD5OSHM59.000\Desktop\Инвентаризация\.venv\Lib\site-packages\werkzeug\routing\map.py", line 629, in match
    raise NotFound() from None
werkzeug.exceptions.NotFound: 404 Not Found: The requested URL was not found on the server. If you entered the URL manually please check your spelling and try again.

C:\Users\Администратор.WIN-64LD5OSHM59.000\Desktop\Инвентаризация\app.py:55
2026-07-23 13:27:45,425 ERROR UNHANDLED:
Traceback (most recent call last):
  File "C:\Users\Администратор.WIN-64LD5OSHM59.000\Desktop\Инвентаризация\.venv\Lib\site-packages\flask_wtf\csrf.py", line 108, in validate_csrf
    token = s.loads(data, max_age=time_limit)
            ^^^^^^^^^^^^^^^^^^^^^^^^^^^^^^^^^
  File "C:\Users\Администратор.WIN-64LD5OSHM59.000\Desktop\Инвентаризация\.venv\Lib\site-packages\itsdangerous\timed.py", line 204, in loads
    base64d, timestamp = signer.unsign(
                         ^^^^^^^^^^^^^^
  File "C:\Users\Администратор.WIN-64LD5OSHM59.000\Desktop\Инвентаризация\.venv\Lib\site-packages\itsdangerous\timed.py", line 142, in unsign
    raise SignatureExpired(
itsdangerous.exc.SignatureExpired: Signature age 3843 > 3600 seconds

The above exception was the direct cause of the following exception:

Traceback (most recent call last):
  File "C:\Users\Администратор.WIN-64LD5OSHM59.000\Desktop\Инвентаризация\.venv\Lib\site-packages\flask_wtf\csrf.py", line 261, in protect
    validate_csrf(self._get_csrf_token())
  File "C:\Users\Администратор.WIN-64LD5OSHM59.000\Desktop\Инвентаризация\.venv\Lib\site-packages\flask_wtf\csrf.py", line 110, in validate_csrf
    raise ValidationError("The CSRF token has expired.") from e
wtforms.validators.ValidationError: The CSRF token has expired.

During handling of the above exception, another exception occurred:

Traceback (most recent call last):
  File "C:\Users\Администратор.WIN-64LD5OSHM59.000\Desktop\Инвентаризация\.venv\Lib\site-packages\flask\app.py", line 915, in full_dispatch_request
    rv = self.preprocess_request()
         ^^^^^^^^^^^^^^^^^^^^^^^^^
  File "C:\Users\Администратор.WIN-64LD5OSHM59.000\Desktop\Инвентаризация\.venv\Lib\site-packages\flask\app.py", line 1291, in preprocess_request
    rv = self.ensure_sync(before_func)()
         ^^^^^^^^^^^^^^^^^^^^^^^^^^^^^^^
  File "C:\Users\Администратор.WIN-64LD5OSHM59.000\Desktop\Инвентаризация\.venv\Lib\site-packages\flask_wtf\csrf.py", line 229, in csrf_protect
    self.protect()
  File "C:\Users\Администратор.WIN-64LD5OSHM59.000\Desktop\Инвентаризация\.venv\Lib\site-packages\flask_wtf\csrf.py", line 264, in protect
    self._error_response(e.args[0])
  File "C:\Users\Администратор.WIN-64LD5OSHM59.000\Desktop\Инвентаризация\.venv\Lib\site-packages\flask_wtf\csrf.py", line 307, in _error_response
    raise CSRFError(reason)
flask_wtf.csrf.CSRFError: 400 Bad Request: The CSRF token has expired.

C:\Users\Администратор.WIN-64LD5OSHM59.000\Desktop\Инвентаризация\app.py:55
2026-07-23 13:27:45,525 ERROR UNHANDLED:
Traceback (most recent call last):
  File "C:\Users\Администратор.WIN-64LD5OSHM59.000\Desktop\Инвентаризация\.venv\Lib\site-packages\flask\app.py", line 917, in full_dispatch_request
    rv = self.dispatch_request()
         ^^^^^^^^^^^^^^^^^^^^^^^
  File "C:\Users\Администратор.WIN-64LD5OSHM59.000\Desktop\Инвентаризация\.venv\Lib\site-packages\flask\app.py", line 891, in dispatch_request
    self.raise_routing_exception(req)
  File "C:\Users\Администратор.WIN-64LD5OSHM59.000\Desktop\Инвентаризация\.venv\Lib\site-packages\flask\app.py", line 500, in raise_routing_exception
    raise request.routing_exception  # type: ignore[misc]
    ^^^^^^^^^^^^^^^^^^^^^^^^^^^^^^^
  File "C:\Users\Администратор.WIN-64LD5OSHM59.000\Desktop\Инвентаризация\.venv\Lib\site-packages\flask\ctx.py", line 362, in match_request
    result = self.url_adapter.match(return_rule=True)  # type: ignore
             ^^^^^^^^^^^^^^^^^^^^^^^^^^^^^^^^^^^^^^^^
  File "C:\Users\Администратор.WIN-64LD5OSHM59.000\Desktop\Инвентаризация\.venv\Lib\site-packages\werkzeug\routing\map.py", line 629, in match
    raise NotFound() from None
werkzeug.exceptions.NotFound: 404 Not Found: The requested URL was not found on the server. If you entered the URL manually please check your spelling and try again.

C:\Users\Администратор.WIN-64LD5OSHM59.000\Desktop\Инвентаризация\app.py:55
2026-07-23 13:28:00,325 ERROR UNHANDLED:
Traceback (most recent call last):
  File "C:\Users\Администратор.WIN-64LD5OSHM59.000\Desktop\Инвентаризация\.venv\Lib\site-packages\flask_wtf\csrf.py", line 108, in validate_csrf
    token = s.loads(data, max_age=time_limit)
            ^^^^^^^^^^^^^^^^^^^^^^^^^^^^^^^^^
  File "C:\Users\Администратор.WIN-64LD5OSHM59.000\Desktop\Инвентаризация\.venv\Lib\site-packages\itsdangerous\timed.py", line 204, in loads
    base64d, timestamp = signer.unsign(
                         ^^^^^^^^^^^^^^
  File "C:\Users\Администратор.WIN-64LD5OSHM59.000\Desktop\Инвентаризация\.venv\Lib\site-packages\itsdangerous\timed.py", line 142, in unsign
    raise SignatureExpired(
itsdangerous.exc.SignatureExpired: Signature age 3858 > 3600 seconds

The above exception was the direct cause of the following exception:

Traceback (most recent call last):
  File "C:\Users\Администратор.WIN-64LD5OSHM59.000\Desktop\Инвентаризация\.venv\Lib\site-packages\flask_wtf\csrf.py", line 261, in protect
    validate_csrf(self._get_csrf_token())
  File "C:\Users\Администратор.WIN-64LD5OSHM59.000\Desktop\Инвентаризация\.venv\Lib\site-packages\flask_wtf\csrf.py", line 110, in validate_csrf
    raise ValidationError("The CSRF token has expired.") from e
wtforms.validators.ValidationError: The CSRF token has expired.

During handling of the above exception, another exception occurred:

Traceback (most recent call last):
  File "C:\Users\Администратор.WIN-64LD5OSHM59.000\Desktop\Инвентаризация\.venv\Lib\site-packages\flask\app.py", line 915, in full_dispatch_request
    rv = self.preprocess_request()
         ^^^^^^^^^^^^^^^^^^^^^^^^^
  File "C:\Users\Администратор.WIN-64LD5OSHM59.000\Desktop\Инвентаризация\.venv\Lib\site-packages\flask\app.py", line 1291, in preprocess_request
    rv = self.ensure_sync(before_func)()
         ^^^^^^^^^^^^^^^^^^^^^^^^^^^^^^^
  File "C:\Users\Администратор.WIN-64LD5OSHM59.000\Desktop\Инвентаризация\.venv\Lib\site-packages\flask_wtf\csrf.py", line 229, in csrf_protect
    self.protect()
  File "C:\Users\Администратор.WIN-64LD5OSHM59.000\Desktop\Инвентаризация\.venv\Lib\site-packages\flask_wtf\csrf.py", line 264, in protect
    self._error_response(e.args[0])
  File "C:\Users\Администратор.WIN-64LD5OSHM59.000\Desktop\Инвентаризация\.venv\Lib\site-packages\flask_wtf\csrf.py", line 307, in _error_response
    raise CSRFError(reason)
flask_wtf.csrf.CSRFError: 400 Bad Request: The CSRF token has expired.

C:\Users\Администратор.WIN-64LD5OSHM59.000\Desktop\Инвентаризация\app.py:55
2026-07-23 17:55:05,003 ERROR UNHANDLED:
Traceback (most recent call last):
  File "C:\Users\Администратор.WIN-64LD5OSHM59.000\Desktop\Инвентаризация\.venv\Lib\site-packages\flask\app.py", line 917, in full_dispatch_request
    rv = self.dispatch_request()
         ^^^^^^^^^^^^^^^^^^^^^^^
  File "C:\Users\Администратор.WIN-64LD5OSHM59.000\Desktop\Инвентаризация\.venv\Lib\site-packages\flask\app.py", line 891, in dispatch_request
    self.raise_routing_exception(req)
  File "C:\Users\Администратор.WIN-64LD5OSHM59.000\Desktop\Инвентаризация\.venv\Lib\site-packages\flask\app.py", line 500, in raise_routing_exception
    raise request.routing_exception  # type: ignore[misc]
    ^^^^^^^^^^^^^^^^^^^^^^^^^^^^^^^
  File "C:\Users\Администратор.WIN-64LD5OSHM59.000\Desktop\Инвентаризация\.venv\Lib\site-packages\flask\ctx.py", line 362, in match_request
    result = self.url_adapter.match(return_rule=True)  # type: ignore
             ^^^^^^^^^^^^^^^^^^^^^^^^^^^^^^^^^^^^^^^^
  File "C:\Users\Администратор.WIN-64LD5OSHM59.000\Desktop\Инвентаризация\.venv\Lib\site-packages\werkzeug\routing\map.py", line 629, in match
    raise NotFound() from None
werkzeug.exceptions.NotFound: 404 Not Found: The requested URL was not found on the server. If you entered the URL manually please check your spelling and try again.

C:\Users\Администратор.WIN-64LD5OSHM59.000\Desktop\Инвентаризация\app.py:55
2026-07-24 09:01:36,902 ERROR UNHANDLED:
Traceback (most recent call last):
  File "C:\Users\Администратор.WIN-64LD5OSHM59.000\Desktop\Инвентаризация\.venv\Lib\site-packages\flask\app.py", line 917, in full_dispatch_request
    rv = self.dispatch_request()
         ^^^^^^^^^^^^^^^^^^^^^^^
  File "C:\Users\Администратор.WIN-64LD5OSHM59.000\Desktop\Инвентаризация\.venv\Lib\site-packages\flask\app.py", line 891, in dispatch_request
    self.raise_routing_exception(req)
  File "C:\Users\Администратор.WIN-64LD5OSHM59.000\Desktop\Инвентаризация\.venv\Lib\site-packages\flask\app.py", line 500, in raise_routing_exception
    raise request.routing_exception  # type: ignore[misc]
    ^^^^^^^^^^^^^^^^^^^^^^^^^^^^^^^
  File "C:\Users\Администратор.WIN-64LD5OSHM59.000\Desktop\Инвентаризация\.venv\Lib\site-packages\flask\ctx.py", line 362, in match_request
    result = self.url_adapter.match(return_rule=True)  # type: ignore
             ^^^^^^^^^^^^^^^^^^^^^^^^^^^^^^^^^^^^^^^^
  File "C:\Users\Администратор.WIN-64LD5OSHM59.000\Desktop\Инвентаризация\.venv\Lib\site-packages\werkzeug\routing\map.py", line 629, in match
    raise NotFound() from None
werkzeug.exceptions.NotFound: 404 Not Found: The requested URL was not found on the server. If you entered the URL manually please check your spelling and try again.

C:\Users\Администратор.WIN-64LD5OSHM59.000\Desktop\Инвентаризация\app.py:55
2026-07-31 12:14:08,414 ERROR UNHANDLED:
Traceback (most recent call last):
  File "C:\Users\Администратор.WIN-64LD5OSHM59.000\Desktop\Инвентаризация\.venv\Lib\site-packages\flask\app.py", line 917, in full_dispatch_request
    rv = self.dispatch_request()
         ^^^^^^^^^^^^^^^^^^^^^^^
  File "C:\Users\Администратор.WIN-64LD5OSHM59.000\Desktop\Инвентаризация\.venv\Lib\site-packages\flask\app.py", line 891, in dispatch_request
    self.raise_routing_exception(req)
  File "C:\Users\Администратор.WIN-64LD5OSHM59.000\Desktop\Инвентаризация\.venv\Lib\site-packages\flask\app.py", line 500, in raise_routing_exception
    raise request.routing_exception  # type: ignore[misc]
    ^^^^^^^^^^^^^^^^^^^^^^^^^^^^^^^
  File "C:\Users\Администратор.WIN-64LD5OSHM59.000\Desktop\Инвентаризация\.venv\Lib\site-packages\flask\ctx.py", line 362, in match_request
    result = self.url_adapter.match(return_rule=True)  # type: ignore
             ^^^^^^^^^^^^^^^^^^^^^^^^^^^^^^^^^^^^^^^^
  File "C:\Users\Администратор.WIN-64LD5OSHM59.000\Desktop\Инвентаризация\.venv\Lib\site-packages\werkzeug\routing\map.py", line 629, in match
    raise NotFound() from None
werkzeug.exceptions.NotFound: 404 Not Found: The requested URL was not found on the server. If you entered the URL manually please check your spelling and try again.

C:\Users\Администратор.WIN-64LD5OSHM59.000\Desktop\Инвентаризация\app.py:55
